// Jest Snapshot v1, https://goo.gl/fbAQLP

exports[`UvIndexComponent ngOnInit uvIndex$ 1`] = `
Object {
  "date": 1498219200,
  "date_iso": "2017-06-23T12:00:00Z",
  "lat": 38.75,
  "lon": 40.25,
  "value": 10.16,
}
`;
